[2026-04-28 20:17:46] ADMIN_ADDCREDITO | admin=1473469051303886914 | user=1448401464098820228 | valor=5000.00
[2026-04-28 20:19:07] ADMIN_ADDMONEY | admin=1473469051303886914 | user=1448401464098820228 | valor=36000.00
[2026-04-28 20:46:17] ADMIN_ADDMONEY | admin=1473469051303886914 | user=1473469051303886914 | valor=1000000.00
[2026-04-29 13:09:40] ADMIN_ADDMONEY | admin=1473469051303886914 | user=1448401464098820228 | valor=16000.00
[2026-04-29 22:25:03] SAQUE | user=1473469051303886914 | valor=1.00
[2026-04-29 22:25:20] PAGAMENTO | de=1473469051303886914 | para=1448401464098820228 | valor=1.00
[2026-04-29 22:33:07] ADMIN_ADDMONEY | admin=1473469051303886914 | user=1448401464098820228 | valor=250000.00
[2026-04-29 22:36:52] DEPOSITO | user=1448401464098820228 | valor=196500.00
[2026-04-30 14:36:24] FUNDS_UPDATE | atualizados=1
[2026-04-30 16:03:47] FUNDS_UPDATE | atualizados=1
[2026-04-30 16:31:34] ADMIN_REMOVEMONEY | admin=1473469051303886914 | user=1473469051303886914 | valor=964000.00
[2026-04-30 16:31:44] ADMIN_ADDMONEY | admin=1473469051303886914 | user=1473469051303886914 | valor=1000000.00
[2026-04-30 16:33:48] FUNDS_UPDATE | atualizados=1
[2026-04-30 17:03:48] FUNDS_UPDATE | atualizados=1
[2026-04-30 17:33:58] ADMIN_ADDMONEY | admin=1473469051303886914 | user=1368712318011047936 | valor=5000.00
[2026-04-30 17:38:48] FUNDS_UPDATE | atualizados=1
[2026-04-30 23:03:51] FUNDS_UPDATE | atualizados=1
[2026-04-30 23:04:01] ADMIN_ADDMONEY | admin=1473469051303886914 | user=1448401464098820228 | valor=795000.00
[2026-04-30 23:10:17] ADMIN_ADDCREDITO | admin=1473469051303886914 | user=1448401464098820228 | valor=395000.00
[2026-04-30 23:22:04] ADMIN_ADDMONEY | admin=1473469051303886914 | user=1448401464098820228 | valor=2713000.00
[2026-04-30 23:23:47] DEPOSITO | user=1448401464098820228 | valor=2500000.00
[2026-04-30 23:33:51] FUNDS_UPDATE | atualizados=1
[2026-05-02 13:34:09] FUNDS_UPDATE | atualizados=1
[2026-05-02 14:04:09] FUNDS_UPDATE | atualizados=1
[2026-05-02 14:39:09] FUNDS_UPDATE | atualizados=1
[2026-05-02 18:04:07] FUNDS_UPDATE | atualizados=1
[2026-05-02 18:45:14] FUNDS_UPDATE | atualizados=1
[2026-05-02 19:19:09] FUNDS_UPDATE | atualizados=1
[2026-05-02 21:26:15] FUNDS_UPDATE | atualizados=1
[2026-05-02 21:59:12] FUNDS_UPDATE | atualizados=1
[2026-05-03 12:53:04] FUNDS_UPDATE | atualizados=1
[2026-05-03 13:24:09] FUNDS_UPDATE | atualizados=1
[2026-05-03 13:59:09] FUNDS_UPDATE | atualizados=1
[2026-05-03 22:09:33] FUNDS_UPDATE | atualizados=1
[2026-05-05 18:12:25] FUNDS_UPDATE | atualizados=1
[2026-05-05 18:47:26] FUNDS_UPDATE | atualizados=1
[2026-05-05 18:52:33] ADMIN_ADDMONEY | admin=1473469051303886914 | user=1259581638371708979 | valor=12000.00
[2026-05-05 19:03:10] DEPOSITO | user=1259581638371708979 | valor=12000.00
[2026-05-05 19:17:27] FUNDS_UPDATE | atualizados=1
[2026-05-05 19:37:26] FUNDS_UPDATE | atualizados=1
[2026-05-05 19:42:26] FUNDS_UPDATE | atualizados=1
[2026-05-05 19:47:27] FUNDS_UPDATE | atualizados=1
[2026-05-05 20:12:26] FUNDS_UPDATE | atualizados=1
[2026-05-05 20:17:26] FUNDS_UPDATE | atualizados=1
[2026-05-05 20:22:26] FUNDS_UPDATE | atualizados=1
[2026-05-05 20:47:25] FUNDS_UPDATE | atualizados=1
[2026-05-05 20:52:26] FUNDS_UPDATE | atualizados=2
[2026-05-05 21:17:26] FUNDS_UPDATE | atualizados=1
[2026-05-05 21:27:27] FUNDS_UPDATE | atualizados=2
[2026-05-05 21:47:26] FUNDS_UPDATE | atualizados=1
[2026-05-05 22:02:26] FUNDS_UPDATE | atualizados=2
[2026-05-05 22:22:25] FUNDS_UPDATE | atualizados=1
[2026-05-05 22:37:26] FUNDS_UPDATE | atualizados=2
[2026-05-06 13:43:26] FUNDS_UPDATE | atualizados=4
[2026-05-06 14:18:30] FUNDS_UPDATE | atualizados=4
[2026-05-06 14:48:27] FUNDS_UPDATE | atualizados=4
[2026-05-06 18:59:17] FUNDS_UPDATE | atualizados=4
[2026-05-06 19:33:27] FUNDS_UPDATE | atualizados=4
[2026-05-06 21:59:47] FUNDS_UPDATE | atualizados=4
[2026-05-06 22:30:47] FUNDS_UPDATE | atualizados=4
[2026-05-06 23:03:14] FUNDS_UPDATE | atualizados=3
[2026-05-06 23:16:44] ADMIN_ADDMONEY | admin=1473469051303886914 | user=1259581638371708979 | valor=8000.00
[2026-05-06 23:37:48] FUNDS_UPDATE | atualizados=3
[2026-05-06 23:42:04] DEPOSITO | user=1259581638371708979 | valor=8000.00
[2026-05-06 23:51:29] ADMIN_REMOVEMONEY | admin=1473469051303886914 | user=1493080504121954431 | valor=40000.00
[2026-05-07 00:10:54] FUNDS_UPDATE | atualizados=3
[2026-05-07 00:20:55] FUNDS_UPDATE | atualizados=1
[2026-05-07 06:36:36] FUNDS_UPDATE | atualizados=4
[2026-05-07 06:41:20] DEPOSITO | user=1473469051303886914 | valor=1000000.00
[2026-05-07 07:06:36] FUNDS_UPDATE | atualizados=4
[2026-05-07 07:41:36] FUNDS_UPDATE | atualizados=4
[2026-05-07 08:11:36] FUNDS_UPDATE | atualizados=4
[2026-05-07 08:46:36] FUNDS_UPDATE | atualizados=4
[2026-05-07 09:16:36] FUNDS_UPDATE | atualizados=4
[2026-05-07 09:51:36] FUNDS_UPDATE | atualizados=4
[2026-05-07 10:26:36] FUNDS_UPDATE | atualizados=4
[2026-05-07 11:01:36] FUNDS_UPDATE | atualizados=4
[2026-05-07 11:31:36] FUNDS_UPDATE | atualizados=4
[2026-05-07 12:06:36] FUNDS_UPDATE | atualizados=4
[2026-05-07 12:41:36] FUNDS_UPDATE | atualizados=4
[2026-05-07 13:16:36] FUNDS_UPDATE | atualizados=4
[2026-05-07 19:07:52] FUNDS_UPDATE | atualizados=4
[2026-05-07 19:56:49] FUNDS_UPDATE | atualizados=4
[2026-05-07 21:00:04] FUNDS_UPDATE | atualizados=4
[2026-05-07 21:31:41] FUNDS_UPDATE | atualizados=4
[2026-05-07 22:01:47] FUNDS_UPDATE | atualizados=4
[2026-05-07 22:36:41] FUNDS_UPDATE | atualizados=4
[2026-05-07 22:53:08] ADMIN_ADDMONEY | admin=1473469051303886914 | user=1259581638371708979 | valor=117000.00
[2026-05-07 22:53:47] ADMIN_ADDMONEY | admin=1473469051303886914 | user=1259581638371708979 | valor=8012.00
[2026-05-07 23:07:27] FUNDS_UPDATE | atualizados=4
[2026-05-07 23:19:00] DEPOSITO | user=1259581638371708979 | valor=125012.00
[2026-05-07 23:42:27] FUNDS_UPDATE | atualizados=4
[2026-05-07 23:47:27] FUNDS_UPDATE | atualizados=1
[2026-05-08 00:17:27] FUNDS_UPDATE | atualizados=4
[2026-05-08 00:22:27] FUNDS_UPDATE | atualizados=1
[2026-05-08 00:47:28] FUNDS_UPDATE | atualizados=4
[2026-05-09 22:00:50] FUNDS_UPDATE | atualizados=5
[2026-05-09 22:30:50] FUNDS_UPDATE | atualizados=5
[2026-05-09 23:05:51] FUNDS_UPDATE | atualizados=4
[2026-05-09 23:40:50] FUNDS_UPDATE | atualizados=4
[2026-05-10 00:15:52] FUNDS_UPDATE | atualizados=4
[2026-05-10 00:45:50] FUNDS_UPDATE | atualizados=4
[2026-05-10 01:20:50] FUNDS_UPDATE | atualizados=4
[2026-05-12 19:02:22] FUNDS_UPDATE | atualizados=4
[2026-05-12 19:05:31] ADMIN_ADDMONEY | admin=1473469051303886914 | user=1473469051303886914 | valor=6917498.00
[2026-05-12 19:37:23] FUNDS_UPDATE | atualizados=1
[2026-06-11 01:44:48] FUNDS_UPDATE | atualizados=1
[2026-06-11 06:09:11] FUNDS_UPDATE | atualizados=1
[2026-06-11 06:39:48] FUNDS_UPDATE | atualizados=1
[2026-06-11 07:09:48] FUNDS_UPDATE | atualizados=1
[2026-06-11 07:39:48] FUNDS_UPDATE | atualizados=1
[2026-06-11 08:09:48] FUNDS_UPDATE | atualizados=1
[2026-06-11 08:44:48] FUNDS_UPDATE | atualizados=1
[2026-06-11 09:19:48] FUNDS_UPDATE | atualizados=1
[2026-06-11 09:49:48] FUNDS_UPDATE | atualizados=1
[2026-06-11 10:09:48] FUNDS_UPDATE | atualizados=2
[2026-06-11 10:24:48] FUNDS_UPDATE | atualizados=1
[2026-06-11 10:44:48] FUNDS_UPDATE | atualizados=2
[2026-06-11 10:59:48] FUNDS_UPDATE | atualizados=1
[2026-06-11 11:19:48] FUNDS_UPDATE | atualizados=2
[2026-06-11 11:29:48] FUNDS_UPDATE | atualizados=1
[2026-06-11 11:49:48] FUNDS_UPDATE | atualizados=2
[2026-06-11 12:04:48] FUNDS_UPDATE | atualizados=1
[2026-06-11 12:24:49] FUNDS_UPDATE | atualizados=2
[2026-06-11 12:39:49] FUNDS_UPDATE | atualizados=1
[2026-06-11 12:59:49] FUNDS_UPDATE | atualizados=2
[2026-06-11 13:09:48] FUNDS_UPDATE | atualizados=1
[2026-06-11 13:34:49] FUNDS_UPDATE | atualizados=2
[2026-06-11 13:42:48] ADMIN_REMOVEMONEY | admin=1473469051303886914 | user=1287258219093430302 | valor=1000000.00
[2026-06-11 13:44:49] FUNDS_UPDATE | atualizados=1
[2026-06-11 13:47:08] ADMIN_REMOVEMONEY | admin=1473469051303886914 | user=1287258219093430302 | valor=1000000.00
[2026-06-11 14:08:01] SAQUE | user=1509042422175371317 | valor=200000.00
[2026-06-11 14:09:48] FUNDS_UPDATE | atualizados=2
[2026-06-11 14:14:49] FUNDS_UPDATE | atualizados=1
[2026-06-11 15:47:19] FUNDS_UPDATE | atualizados=4
[2026-06-11 15:47:19] STOCK_MARKET_UPDATE | ativos=5
[2026-06-11 15:47:19] CRYPTO_MARKET_UPDATE | ativos=4
[2026-06-11 15:57:42] SAQUE | user=1509042422175371317 | valor=245099.99
[2026-06-11 15:58:25] DEPOSITO | user=1509042422175371317 | valor=435000.00
[2026-06-11 16:02:19] CRYPTO_MARKET_UPDATE | ativos=4
[2026-06-11 16:02:57] DEPOSITO | user=1473469051303886914 | valor=1000000.00
[2026-06-11 16:17:19] STOCK_MARKET_UPDATE | ativos=5
[2026-06-11 16:17:19] CRYPTO_MARKET_UPDATE | ativos=4
[2026-06-11 16:22:19] FUNDS_UPDATE | atualizados=4
[2026-06-11 18:21:02] CRYPTO_MARKET_UPDATE | ativos=4
[2026-06-11 18:21:06] FUNDS_UPDATE | atualizados=4
[2026-06-11 18:21:08] STOCK_MARKET_UPDATE | ativos=5
[2026-06-11 18:21:08] CRYPTO_MARKET_UPDATE | ativos=4
[2026-06-11 18:21:09] STOCK_MARKET_UPDATE | ativos=5
[2026-06-11 18:21:09] CRYPTO_MARKET_UPDATE | ativos=4
[2026-06-11 18:21:10] STOCK_MARKET_UPDATE | ativos=5
[2026-06-11 18:21:11] CRYPTO_MARKET_UPDATE | ativos=4
[2026-06-11 18:21:12] STOCK_MARKET_UPDATE | ativos=5
[2026-06-11 18:21:13] CRYPTO_MARKET_UPDATE | ativos=4
[2026-06-11 18:21:14] CRYPTO_MARKET_UPDATE | ativos=4
[2026-06-11 18:21:15] CRYPTO_MARKET_UPDATE | ativos=4
[2026-06-11 18:21:17] CRYPTO_MARKET_UPDATE | ativos=4
[2026-06-11 18:51:10] FUNDS_UPDATE | atualizados=4
[2026-06-11 18:51:10] STOCK_MARKET_UPDATE | ativos=5
[2026-06-11 18:51:10] CRYPTO_MARKET_UPDATE | ativos=4
[2026-06-11 19:06:10] CRYPTO_MARKET_UPDATE | ativos=4
[2026-06-11 19:06:32] ADMIN_ADDMONEY | admin=1473469051303886914 | user=1509042422175371317 | valor=3000000.00
[2026-06-11 19:07:30] DEPOSITO | user=1509042422175371317 | valor=3010099.00
[2026-06-11 19:21:10] FUNDS_UPDATE | atualizados=4
[2026-06-11 19:21:10] STOCK_MARKET_UPDATE | ativos=5
[2026-06-11 19:21:10] CRYPTO_MARKET_UPDATE | ativos=4
[2026-06-11 19:44:31] STOCK_MARKET_UPDATE | ativos=5
[2026-06-11 19:44:31] CRYPTO_MARKET_UPDATE | ativos=4
[2026-06-11 19:54:32] FUNDS_UPDATE | atualizados=4
[2026-06-11 19:59:31] CRYPTO_MARKET_UPDATE | ativos=4
[2026-06-11 20:14:32] CRYPTO_MARKET_UPDATE | ativos=4
[2026-06-11 20:14:32] STOCK_MARKET_UPDATE | ativos=5
[2026-06-11 20:29:31] CRYPTO_MARKET_UPDATE | ativos=4
[2026-06-11 20:29:32] FUNDS_UPDATE | atualizados=4
[2026-06-11 20:44:32] CRYPTO_MARKET_UPDATE | ativos=4
[2026-06-11 20:44:32] STOCK_MARKET_UPDATE | ativos=5
[2026-06-11 20:59:31] CRYPTO_MARKET_UPDATE | ativos=4
[2026-06-11 21:04:31] FUNDS_UPDATE | atualizados=4
[2026-06-11 21:14:20] ADMIN_ADDMONEY | admin=1473469051303886914 | user=1336151380519293024 | valor=999900.00
[2026-06-11 21:14:32] CRYPTO_MARKET_UPDATE | ativos=4
[2026-06-11 21:14:32] STOCK_MARKET_UPDATE | ativos=5
[2026-06-11 21:15:55] DEPOSITO | user=1336151380519293024 | valor=999900.00
[2026-06-11 21:29:31] CRYPTO_MARKET_UPDATE | ativos=4
[2026-06-11 21:29:58] ADMIN_ADDMONEY | admin=1473469051303886914 | user=1266766426098896948 | valor=2000000.00
[2026-06-11 21:30:40] DEPOSITO | user=1266766426098896948 | valor=2000000.00
[2026-06-11 21:34:31] FUNDS_UPDATE | atualizados=4
[2026-06-11 21:44:31] STOCK_MARKET_UPDATE | ativos=5
[2026-06-11 21:44:31] CRYPTO_MARKET_UPDATE | ativos=4
[2026-06-11 21:48:42] SAQUE | user=1509042422175371317 | valor=39538134.00
[2026-06-11 21:55:16] ADMIN_ADDMONEY | admin=1266766426098896948 | user=1352499401813131276 | valor=22000.00
[2026-06-11 21:59:33] CRYPTO_MARKET_UPDATE | ativos=4
[2026-06-11 22:00:06] DEPOSITO | user=1509042422175371317 | valor=2500000.00
[2026-06-11 22:01:52] DEPOSITO | user=1352499401813131276 | valor=22000.00
[2026-06-11 22:04:33] FUNDS_UPDATE | atualizados=5
[2026-06-11 22:06:33] SAQUE | user=1509042422175371317 | valor=2500000.56
[2026-06-12 18:33:53] FUNDS_UPDATE | atualizados=5
[2026-06-12 18:33:53] STOCK_MARKET_UPDATE | ativos=5
[2026-06-12 18:33:53] CRYPTO_MARKET_UPDATE | ativos=4
[2026-06-12 18:36:21] ADMIN_REMOVEMONEY | admin=1266766426098896948 | user=1509042422175371317 | valor=39538135.00
[2026-06-12 18:36:44] ADMIN_REMOVEMONEY | admin=1266766426098896948 | user=1509042422175371317 | valor=0.55
[2026-06-12 18:48:54] CRYPTO_MARKET_UPDATE | ativos=4
[2026-06-12 19:03:53] FUNDS_UPDATE | atualizados=5
[2026-06-12 19:03:53] STOCK_MARKET_UPDATE | ativos=5
[2026-06-12 19:03:53] CRYPTO_MARKET_UPDATE | ativos=4
[2026-06-12 19:10:57] ADMIN_ADDMONEY | admin=1266766426098896948 | user=1508264348743897149 | valor=13000000.00
[2026-06-12 19:18:30] DEPOSITO | user=1508264348743897149 | valor=13000000.00
[2026-06-12 19:18:53] CRYPTO_MARKET_UPDATE | ativos=4
[2026-06-12 19:27:00] ADMIN_REMOVEMONEY | admin=1473469051303886914 | user=1508264348743897149 | valor=47569.00
[2026-06-12 19:27:40] ADMIN_REMOVEMONEY | admin=1473469051303886914 | user=1508264348743897149 | valor=60000.00
[2026-06-12 19:30:00] ADMIN_REMOVEMONEY | admin=1266766426098896948 | user=1508264348743897149 | valor=60000.00
[2026-06-12 19:33:53] STOCK_MARKET_UPDATE | ativos=5
[2026-06-12 19:33:53] CRYPTO_MARKET_UPDATE | ativos=4
[2026-06-12 19:38:53] FUNDS_UPDATE | atualizados=5
[2026-06-12 19:45:22] ADMIN_ADDMONEY | admin=1266766426098896948 | user=1352499401813131276 | valor=22000.00
[2026-06-12 19:48:53] CRYPTO_MARKET_UPDATE | ativos=4
[2026-06-12 19:49:25] DEPOSITO | user=1352499401813131276 | valor=22000.00
[2026-06-12 19:57:05] STOCK_MARKET_UPDATE | ativos=5
[2026-06-12 19:57:05] CRYPTO_MARKET_UPDATE | ativos=4
[2026-06-12 20:03:34] SAQUE | user=1266766426098896948 | valor=100000.00
[2026-06-12 20:04:58] DEPOSITO | user=1266766426098896948 | valor=100000.00
[2026-06-12 20:11:19] FUNDS_UPDATE | atualizados=5
[2026-06-12 20:11:20] STOCK_MARKET_UPDATE | ativos=5
[2026-06-12 20:11:20] CRYPTO_MARKET_UPDATE | ativos=4
[2026-06-12 20:26:19] CRYPTO_MARKET_UPDATE | ativos=4
[2026-06-12 20:41:20] FUNDS_UPDATE | atualizados=5
[2026-06-12 20:41:20] STOCK_MARKET_UPDATE | ativos=5
[2026-06-12 20:41:22] CRYPTO_MARKET_UPDATE | ativos=4
[2026-06-12 20:56:20] CRYPTO_MARKET_UPDATE | ativos=4
[2026-06-12 21:04:56] ADMIN_ADDMONEY | admin=1266766426098896948 | user=1259581638371708979 | valor=1000000.00
[2026-06-12 21:11:20] STOCK_MARKET_UPDATE | ativos=5
[2026-06-12 21:11:20] CRYPTO_MARKET_UPDATE | ativos=4
[2026-06-12 21:11:21] FUNDS_UPDATE | atualizados=5
[2026-06-12 21:17:35] ADMIN_ADDMONEY | admin=1266766426098896948 | user=1509042422175371317 | valor=1000000.00
[2026-06-12 21:17:51] ADMIN_ADDMONEY | admin=1266766426098896948 | user=1509042422175371317 | valor=1000000.00
[2026-06-12 21:18:47] ADMIN_REMOVEMONEY | admin=1266766426098896948 | user=1509042422175371317 | valor=1000000.00
[2026-06-12 21:26:19] CRYPTO_MARKET_UPDATE | ativos=4
[2026-06-12 21:41:21] STOCK_MARKET_UPDATE | ativos=5
[2026-06-12 21:41:26] FUNDS_UPDATE | atualizados=5
[2026-06-12 21:41:42] CRYPTO_MARKET_UPDATE | ativos=4
[2026-06-12 21:56:20] CRYPTO_MARKET_UPDATE | ativos=4
[2026-06-12 22:04:58] DEPOSITO | user=1509042422175371317 | valor=1000000.00
[2026-06-12 22:11:23] STOCK_MARKET_UPDATE | ativos=5
[2026-06-12 22:11:23] CRYPTO_MARKET_UPDATE | ativos=4
[2026-06-12 22:16:21] FUNDS_UPDATE | atualizados=5
[2026-06-12 22:26:21] CRYPTO_MARKET_UPDATE | ativos=4
[2026-06-12 22:41:20] STOCK_MARKET_UPDATE | ativos=5
[2026-06-12 22:41:20] CRYPTO_MARKET_UPDATE | ativos=4
[2026-06-12 22:46:19] FUNDS_UPDATE | atualizados=5
[2026-06-12 22:56:20] CRYPTO_MARKET_UPDATE | ativos=4
[2026-06-12 23:11:20] STOCK_MARKET_UPDATE | ativos=5
[2026-06-12 23:11:20] CRYPTO_MARKET_UPDATE | ativos=4
[2026-06-12 23:21:21] FUNDS_UPDATE | atualizados=5
[2026-06-12 23:26:21] CRYPTO_MARKET_UPDATE | ativos=4
[2026-06-12 23:41:48] STOCK_MARKET_UPDATE | ativos=5
[2026-06-12 23:41:53] CRYPTO_MARKET_UPDATE | ativos=4
[2026-06-12 23:56:22] FUNDS_UPDATE | atualizados=6
[2026-06-12 23:56:23] CRYPTO_MARKET_UPDATE | ativos=4
[2026-06-13 00:11:19] STOCK_MARKET_UPDATE | ativos=5
[2026-06-13 00:11:20] CRYPTO_MARKET_UPDATE | ativos=4
[2026-06-13 00:26:20] FUNDS_UPDATE | atualizados=6
[2026-06-13 00:26:21] CRYPTO_MARKET_UPDATE | ativos=4
[2026-06-13 00:41:20] STOCK_MARKET_UPDATE | ativos=5
[2026-06-13 00:41:20] CRYPTO_MARKET_UPDATE | ativos=4
[2026-06-13 00:56:19] CRYPTO_MARKET_UPDATE | ativos=4
[2026-06-13 01:01:20] FUNDS_UPDATE | atualizados=6
[2026-06-13 01:11:20] STOCK_MARKET_UPDATE | ativos=5
[2026-06-13 01:11:20] CRYPTO_MARKET_UPDATE | ativos=4
[2026-06-13 01:26:19] CRYPTO_MARKET_UPDATE | ativos=4
[2026-06-13 01:36:20] FUNDS_UPDATE | atualizados=6
[2026-06-13 01:41:20] STOCK_MARKET_UPDATE | ativos=5
[2026-06-13 01:41:20] CRYPTO_MARKET_UPDATE | ativos=4
[2026-06-13 01:56:19] CRYPTO_MARKET_UPDATE | ativos=4
[2026-06-13 02:11:19] FUNDS_UPDATE | atualizados=6
[2026-06-13 02:11:19] STOCK_MARKET_UPDATE | ativos=5
[2026-06-13 02:11:19] CRYPTO_MARKET_UPDATE | ativos=4
[2026-06-13 02:26:19] CRYPTO_MARKET_UPDATE | ativos=4
[2026-06-13 02:41:19] STOCK_MARKET_UPDATE | ativos=5
[2026-06-13 02:41:19] CRYPTO_MARKET_UPDATE | ativos=4
[2026-06-13 02:46:19] FUNDS_UPDATE | atualizados=6
[2026-06-13 02:56:19] CRYPTO_MARKET_UPDATE | ativos=4
[2026-06-13 03:11:19] STOCK_MARKET_UPDATE | ativos=5
[2026-06-13 03:11:19] CRYPTO_MARKET_UPDATE | ativos=4
[2026-06-13 03:21:20] FUNDS_UPDATE | atualizados=6
[2026-06-13 03:26:19] CRYPTO_MARKET_UPDATE | ativos=4
[2026-06-13 03:41:20] STOCK_MARKET_UPDATE | ativos=5
[2026-06-13 03:41:20] CRYPTO_MARKET_UPDATE | ativos=4
[2026-06-13 03:51:19] FUNDS_UPDATE | atualizados=6
[2026-06-13 03:56:19] CRYPTO_MARKET_UPDATE | ativos=4
[2026-06-13 04:11:20] CRYPTO_MARKET_UPDATE | ativos=4
[2026-06-13 04:11:20] STOCK_MARKET_UPDATE | ativos=5
[2026-06-13 04:26:19] FUNDS_UPDATE | atualizados=6
[2026-06-13 04:26:19] CRYPTO_MARKET_UPDATE | ativos=4
[2026-06-13 04:41:19] STOCK_MARKET_UPDATE | ativos=5
[2026-06-13 04:41:19] CRYPTO_MARKET_UPDATE | ativos=4
[2026-06-13 04:56:20] FUNDS_UPDATE | atualizados=6
[2026-06-13 04:56:20] CRYPTO_MARKET_UPDATE | ativos=4
[2026-06-13 05:11:19] STOCK_MARKET_UPDATE | ativos=5
[2026-06-13 05:11:19] CRYPTO_MARKET_UPDATE | ativos=4
[2026-06-13 05:26:19] CRYPTO_MARKET_UPDATE | ativos=4
[2026-06-13 05:31:19] FUNDS_UPDATE | atualizados=6
[2026-06-13 05:41:19] STOCK_MARKET_UPDATE | ativos=5
[2026-06-13 05:41:19] CRYPTO_MARKET_UPDATE | ativos=4
[2026-06-13 05:56:20] CRYPTO_MARKET_UPDATE | ativos=4
[2026-06-13 06:06:19] FUNDS_UPDATE | atualizados=6
[2026-06-13 06:11:19] STOCK_MARKET_UPDATE | ativos=5
[2026-06-13 06:11:19] CRYPTO_MARKET_UPDATE | ativos=4
[2026-06-13 06:26:20] CRYPTO_MARKET_UPDATE | ativos=4
[2026-06-13 06:41:19] FUNDS_UPDATE | atualizados=6
[2026-06-13 06:41:19] STOCK_MARKET_UPDATE | ativos=5
[2026-06-13 06:41:19] CRYPTO_MARKET_UPDATE | ativos=4
[2026-06-13 06:56:19] CRYPTO_MARKET_UPDATE | ativos=4
[2026-06-13 07:11:20] FUNDS_UPDATE | atualizados=6
[2026-06-13 07:11:20] CRYPTO_MARKET_UPDATE | ativos=4
[2026-06-13 07:11:20] STOCK_MARKET_UPDATE | ativos=5
[2026-06-13 07:26:20] CRYPTO_MARKET_UPDATE | ativos=4
[2026-06-13 07:41:19] CRYPTO_MARKET_UPDATE | ativos=4
[2026-06-13 07:41:19] STOCK_MARKET_UPDATE | ativos=5
[2026-06-13 07:46:20] FUNDS_UPDATE | atualizados=6
[2026-06-13 07:56:19] CRYPTO_MARKET_UPDATE | ativos=4
[2026-06-13 08:11:19] CRYPTO_MARKET_UPDATE | ativos=4
[2026-06-13 08:11:19] STOCK_MARKET_UPDATE | ativos=5
[2026-06-13 08:21:20] FUNDS_UPDATE | atualizados=6
[2026-06-13 08:26:19] CRYPTO_MARKET_UPDATE | ativos=4
[2026-06-13 08:41:19] CRYPTO_MARKET_UPDATE | ativos=4
[2026-06-13 08:41:20] STOCK_MARKET_UPDATE | ativos=5
[2026-06-13 08:56:20] FUNDS_UPDATE | atualizados=6
[2026-06-13 08:56:20] CRYPTO_MARKET_UPDATE | ativos=4
[2026-06-13 09:11:19] CRYPTO_MARKET_UPDATE | ativos=4
[2026-06-13 09:11:19] STOCK_MARKET_UPDATE | ativos=5
[2026-06-13 09:26:20] CRYPTO_MARKET_UPDATE | ativos=4
[2026-06-13 09:31:20] FUNDS_UPDATE | atualizados=6
[2026-06-13 09:41:19] CRYPTO_MARKET_UPDATE | ativos=4
[2026-06-13 09:41:19] STOCK_MARKET_UPDATE | ativos=5
[2026-06-13 09:56:19] CRYPTO_MARKET_UPDATE | ativos=4
[2026-06-13 10:01:20] FUNDS_UPDATE | atualizados=6
[2026-06-13 10:11:19] CRYPTO_MARKET_UPDATE | ativos=4
[2026-06-13 10:11:19] STOCK_MARKET_UPDATE | ativos=5
[2026-06-13 10:16:52] ADMIN_REMOVEMONEY | admin=1266766426098896948 | user=1161117173025083503 | valor=3157898.00
[2026-06-13 10:26:19] CRYPTO_MARKET_UPDATE | ativos=4
[2026-06-13 10:36:20] FUNDS_UPDATE | atualizados=6
[2026-06-13 10:41:19] CRYPTO_MARKET_UPDATE | ativos=4
[2026-06-13 10:41:19] STOCK_MARKET_UPDATE | ativos=5
[2026-06-13 10:56:19] CRYPTO_MARKET_UPDATE | ativos=4
[2026-06-13 11:06:19] FUNDS_UPDATE | atualizados=6
[2026-06-13 11:11:20] CRYPTO_MARKET_UPDATE | ativos=4
[2026-06-13 11:11:20] STOCK_MARKET_UPDATE | ativos=5
[2026-06-13 11:26:19] CRYPTO_MARKET_UPDATE | ativos=4
[2026-06-13 11:36:20] FUNDS_UPDATE | atualizados=6
[2026-06-13 11:41:19] STOCK_MARKET_UPDATE | ativos=5
[2026-06-13 11:41:20] CRYPTO_MARKET_UPDATE | ativos=4
[2026-06-13 11:56:19] CRYPTO_MARKET_UPDATE | ativos=4
[2026-06-13 12:06:20] FUNDS_UPDATE | atualizados=6
[2026-06-13 12:11:19] STOCK_MARKET_UPDATE | ativos=5
[2026-06-13 12:11:19] CRYPTO_MARKET_UPDATE | ativos=4
[2026-06-13 12:26:19] CRYPTO_MARKET_UPDATE | ativos=4
[2026-06-13 13:07:54] FUNDS_UPDATE | atualizados=6
[2026-06-13 13:07:55] STOCK_MARKET_UPDATE | ativos=5
[2026-06-13 13:07:55] CRYPTO_MARKET_UPDATE | ativos=4
[2026-06-13 13:07:56] CRYPTO_MARKET_UPDATE | ativos=4
[2026-06-13 13:11:19] CRYPTO_MARKET_UPDATE | ativos=4
[2026-06-13 13:11:20] STOCK_MARKET_UPDATE | ativos=5
[2026-06-13 13:22:31] DEPOSITO | user=1473469051303886914 | valor=5917498.00
[2026-06-13 13:26:19] CRYPTO_MARKET_UPDATE | ativos=4
[2026-06-13 13:41:19] FUNDS_UPDATE | atualizados=6
[2026-06-13 13:41:19] STOCK_MARKET_UPDATE | ativos=5
[2026-06-13 13:41:19] CRYPTO_MARKET_UPDATE | ativos=4
[2026-06-13 16:43:22] FUNDS_UPDATE | atualizados=6
[2026-06-13 16:43:23] CRYPTO_MARKET_UPDATE | ativos=4
[2026-06-13 16:43:28] STOCK_MARKET_UPDATE | ativos=5
[2026-06-13 16:43:28] CRYPTO_MARKET_UPDATE | ativos=4
[2026-06-13 16:43:28] STOCK_MARKET_UPDATE | ativos=5
[2026-06-13 16:43:28] CRYPTO_MARKET_UPDATE | ativos=4
[2026-06-13 16:43:28] STOCK_MARKET_UPDATE | ativos=5
[2026-06-13 16:43:28] CRYPTO_MARKET_UPDATE | ativos=4
[2026-06-13 16:43:28] STOCK_MARKET_UPDATE | ativos=5
[2026-06-13 16:43:28] CRYPTO_MARKET_UPDATE | ativos=4
[2026-06-13 16:43:28] STOCK_MARKET_UPDATE | ativos=5
[2026-06-13 16:43:28] CRYPTO_MARKET_UPDATE | ativos=4
[2026-06-13 16:43:28] STOCK_MARKET_UPDATE | ativos=5
[2026-06-13 16:43:28] CRYPTO_MARKET_UPDATE | ativos=4
[2026-06-13 16:43:28] CRYPTO_MARKET_UPDATE | ativos=4
[2026-06-13 16:43:28] CRYPTO_MARKET_UPDATE | ativos=4
[2026-06-13 16:43:28] CRYPTO_MARKET_UPDATE | ativos=4
[2026-06-13 16:43:29] CRYPTO_MARKET_UPDATE | ativos=4
[2026-06-13 16:43:29] CRYPTO_MARKET_UPDATE | ativos=4
[2026-06-13 16:56:19] CRYPTO_MARKET_UPDATE | ativos=4
[2026-06-13 21:10:09] FUNDS_UPDATE | atualizados=6
[2026-06-13 21:10:12] CRYPTO_MARKET_UPDATE | ativos=4
[2026-06-13 21:10:12] STOCK_MARKET_UPDATE | ativos=5
[2026-06-13 21:10:14] CRYPTO_MARKET_UPDATE | ativos=4
[2026-06-13 21:10:14] STOCK_MARKET_UPDATE | ativos=5
[2026-06-13 21:10:15] CRYPTO_MARKET_UPDATE | ativos=4
[2026-06-13 21:10:16] STOCK_MARKET_UPDATE | ativos=5
[2026-06-13 21:10:17] CRYPTO_MARKET_UPDATE | ativos=4
[2026-06-13 21:10:18] STOCK_MARKET_UPDATE | ativos=5
[2026-06-13 21:10:18] CRYPTO_MARKET_UPDATE | ativos=4
[2026-06-13 21:10:19] STOCK_MARKET_UPDATE | ativos=5
[2026-06-13 21:10:19] CRYPTO_MARKET_UPDATE | ativos=4
[2026-06-13 21:10:21] STOCK_MARKET_UPDATE | ativos=5
[2026-06-13 21:10:22] CRYPTO_MARKET_UPDATE | ativos=4
[2026-06-13 21:10:22] STOCK_MARKET_UPDATE | ativos=5
[2026-06-13 21:10:24] CRYPTO_MARKET_UPDATE | ativos=4
[2026-06-13 21:10:25] STOCK_MARKET_UPDATE | ativos=5
[2026-06-13 21:10:27] CRYPTO_MARKET_UPDATE | ativos=4
[2026-06-13 21:10:27] CRYPTO_MARKET_UPDATE | ativos=4
[2026-06-13 21:10:28] CRYPTO_MARKET_UPDATE | ativos=4
[2026-06-13 21:10:29] CRYPTO_MARKET_UPDATE | ativos=4
[2026-06-13 21:10:29] CRYPTO_MARKET_UPDATE | ativos=4
[2026-06-13 21:10:30] CRYPTO_MARKET_UPDATE | ativos=4
[2026-06-13 21:10:31] CRYPTO_MARKET_UPDATE | ativos=4
[2026-06-13 21:10:32] CRYPTO_MARKET_UPDATE | ativos=4
[2026-06-13 21:11:22] STOCK_MARKET_UPDATE | ativos=5
[2026-06-13 21:11:23] CRYPTO_MARKET_UPDATE | ativos=4
[2026-06-13 21:18:37] SAQUE | user=1508264348743897149 | valor=130000.00
[2026-06-13 21:19:07] PAGAMENTO | de=1508264348743897149 | para=1473469051303886914 | valor=120569.00
[2026-06-13 21:26:20] CRYPTO_MARKET_UPDATE | ativos=4
[2026-06-13 21:41:19] FUNDS_UPDATE | atualizados=6
[2026-06-13 21:41:20] STOCK_MARKET_UPDATE | ativos=5
[2026-06-13 21:41:20] CRYPTO_MARKET_UPDATE | ativos=4
[2026-06-13 21:56:21] CRYPTO_MARKET_UPDATE | ativos=4
[2026-06-13 22:01:19] FUNDS_UPDATE | atualizados=1
[2026-06-13 22:11:19] STOCK_MARKET_UPDATE | ativos=5
[2026-06-13 22:11:20] CRYPTO_MARKET_UPDATE | ativos=4
[2026-06-13 22:11:22] FUNDS_UPDATE | atualizados=6
[2026-06-13 22:26:23] CRYPTO_MARKET_UPDATE | ativos=4
[2026-06-13 22:36:24] FUNDS_UPDATE | atualizados=1
[2026-06-13 22:41:24] STOCK_MARKET_UPDATE | ativos=5
[2026-06-13 22:41:26] CRYPTO_MARKET_UPDATE | ativos=4
[2026-06-13 22:41:34] FUNDS_UPDATE | atualizados=6
[2026-06-13 22:56:23] CRYPTO_MARKET_UPDATE | ativos=4
[2026-06-13 23:11:19] CRYPTO_MARKET_UPDATE | ativos=4
[2026-06-13 23:11:20] STOCK_MARKET_UPDATE | ativos=5
[2026-06-13 23:11:21] FUNDS_UPDATE | atualizados=1
[2026-06-13 23:16:22] FUNDS_UPDATE | atualizados=6
[2026-06-13 23:26:21] CRYPTO_MARKET_UPDATE | ativos=4
[2026-06-13 23:40:29] ADMIN_ADDMONEY | admin=1266766426098896948 | user=1352499401813131276 | valor=602000.00
[2026-06-13 23:41:22] STOCK_MARKET_UPDATE | ativos=5
[2026-06-13 23:41:22] CRYPTO_MARKET_UPDATE | ativos=4
[2026-06-13 23:46:20] FUNDS_UPDATE | atualizados=7
[2026-06-13 23:56:20] CRYPTO_MARKET_UPDATE | ativos=4
[2026-06-14 00:11:20] STOCK_MARKET_UPDATE | ativos=5
[2026-06-14 00:11:20] CRYPTO_MARKET_UPDATE | ativos=4
[2026-06-14 00:21:37] FUNDS_UPDATE | atualizados=7
[2026-06-14 00:26:21] CRYPTO_MARKET_UPDATE | ativos=4
[2026-06-14 00:41:14] ADMIN_ADDMONEY | admin=1266766426098896948 | user=1266766426098896948 | valor=15000000.00
[2026-06-14 00:41:24] STOCK_MARKET_UPDATE | ativos=5
[2026-06-14 00:41:25] CRYPTO_MARKET_UPDATE | ativos=4
[2026-06-14 00:41:49] ADMIN_ADDMONEY | admin=1266766426098896948 | user=1266766426098896948 | valor=15000000.00
[2026-06-14 00:56:20] FUNDS_UPDATE | atualizados=7
[2026-06-14 00:56:20] CRYPTO_MARKET_UPDATE | ativos=4
[2026-06-14 01:11:22] STOCK_MARKET_UPDATE | ativos=5
[2026-06-14 01:11:22] CRYPTO_MARKET_UPDATE | ativos=4
[2026-06-14 01:20:23] ADMIN_ADDMONEY | admin=1473469051303886914 | user=1473469051303886914 | valor=20000000.00
[2026-06-14 01:21:16] DEPOSITO | user=1473469051303886914 | valor=20000000.00
[2026-06-14 01:25:51] ADMIN_ADDMONEY | admin=1473469051303886914 | user=1473469051303886914 | valor=26391941.00
[2026-06-14 01:26:19] CRYPTO_MARKET_UPDATE | ativos=4
[2026-06-14 01:26:20] FUNDS_UPDATE | atualizados=7
[2026-06-14 01:41:21] STOCK_MARKET_UPDATE | ativos=5
[2026-06-14 01:41:21] CRYPTO_MARKET_UPDATE | ativos=4
[2026-06-14 01:47:52] DEPOSITO | user=1352499401813131276 | valor=602000.00
[2026-06-14 01:56:23] CRYPTO_MARKET_UPDATE | ativos=4
[2026-06-14 02:01:20] FUNDS_UPDATE | atualizados=7
[2026-06-14 02:11:21] CRYPTO_MARKET_UPDATE | ativos=4
[2026-06-14 02:11:21] STOCK_MARKET_UPDATE | ativos=5
[2026-06-14 02:26:20] CRYPTO_MARKET_UPDATE | ativos=4
[2026-06-14 02:31:34] FUNDS_UPDATE | atualizados=7
[2026-06-14 02:41:20] CRYPTO_MARKET_UPDATE | ativos=4
[2026-06-14 02:41:20] STOCK_MARKET_UPDATE | ativos=5
[2026-06-14 02:56:20] CRYPTO_MARKET_UPDATE | ativos=4
[2026-06-14 03:06:20] FUNDS_UPDATE | atualizados=7
[2026-06-14 03:11:20] CRYPTO_MARKET_UPDATE | ativos=4
[2026-06-14 03:11:20] STOCK_MARKET_UPDATE | ativos=5
[2026-06-14 03:26:19] CRYPTO_MARKET_UPDATE | ativos=4
[2026-06-14 03:41:19] FUNDS_UPDATE | atualizados=7
[2026-06-14 03:41:19] CRYPTO_MARKET_UPDATE | ativos=4
[2026-06-14 03:41:20] STOCK_MARKET_UPDATE | ativos=5
[2026-06-14 03:56:20] CRYPTO_MARKET_UPDATE | ativos=4
[2026-06-14 04:11:20] CRYPTO_MARKET_UPDATE | ativos=4
[2026-06-14 04:11:20] STOCK_MARKET_UPDATE | ativos=5
[2026-06-14 04:16:20] FUNDS_UPDATE | atualizados=7
[2026-06-14 04:26:20] CRYPTO_MARKET_UPDATE | ativos=4
[2026-06-14 04:41:19] CRYPTO_MARKET_UPDATE | ativos=4
[2026-06-14 04:41:19] STOCK_MARKET_UPDATE | ativos=5
[2026-06-14 04:51:19] FUNDS_UPDATE | atualizados=7
[2026-06-14 04:56:20] CRYPTO_MARKET_UPDATE | ativos=4
[2026-06-14 05:11:20] CRYPTO_MARKET_UPDATE | ativos=4
[2026-06-14 05:11:20] STOCK_MARKET_UPDATE | ativos=5
[2026-06-14 05:26:19] FUNDS_UPDATE | atualizados=7
[2026-06-14 05:26:20] CRYPTO_MARKET_UPDATE | ativos=4
[2026-06-14 05:41:19] CRYPTO_MARKET_UPDATE | ativos=4
[2026-06-14 05:41:20] STOCK_MARKET_UPDATE | ativos=5
[2026-06-14 05:56:19] CRYPTO_MARKET_UPDATE | ativos=4
[2026-06-14 06:01:19] FUNDS_UPDATE | atualizados=7
[2026-06-14 06:11:20] CRYPTO_MARKET_UPDATE | ativos=4
[2026-06-14 06:11:20] STOCK_MARKET_UPDATE | ativos=5
[2026-06-14 06:26:19] CRYPTO_MARKET_UPDATE | ativos=4
[2026-06-14 06:31:20] FUNDS_UPDATE | atualizados=7
[2026-06-14 06:41:20] CRYPTO_MARKET_UPDATE | ativos=4
[2026-06-14 06:41:20] STOCK_MARKET_UPDATE | ativos=5
[2026-06-14 06:56:20] CRYPTO_MARKET_UPDATE | ativos=4
[2026-06-14 07:00:51] DEPOSITO | user=1266766426098896948 | valor=30000000.00
[2026-06-14 07:01:19] FUNDS_UPDATE | atualizados=7
[2026-06-14 07:11:20] CRYPTO_MARKET_UPDATE | ativos=4
[2026-06-14 07:11:20] STOCK_MARKET_UPDATE | ativos=5
[2026-06-14 07:26:20] CRYPTO_MARKET_UPDATE | ativos=4
[2026-06-14 07:31:20] FUNDS_UPDATE | atualizados=7
[2026-06-14 07:41:20] CRYPTO_MARKET_UPDATE | ativos=4
[2026-06-14 07:41:20] STOCK_MARKET_UPDATE | ativos=5
[2026-06-14 07:56:19] CRYPTO_MARKET_UPDATE | ativos=4
[2026-06-14 08:06:19] FUNDS_UPDATE | atualizados=7
[2026-06-14 08:11:19] CRYPTO_MARKET_UPDATE | ativos=4
[2026-06-14 08:11:19] STOCK_MARKET_UPDATE | ativos=5
[2026-06-14 08:26:19] CRYPTO_MARKET_UPDATE | ativos=4
[2026-06-14 08:41:19] FUNDS_UPDATE | atualizados=7
[2026-06-14 08:41:19] CRYPTO_MARKET_UPDATE | ativos=4
[2026-06-14 08:41:19] STOCK_MARKET_UPDATE | ativos=5
[2026-06-14 08:56:20] CRYPTO_MARKET_UPDATE | ativos=4
[2026-06-14 09:11:20] FUNDS_UPDATE | atualizados=7
[2026-06-14 09:11:20] CRYPTO_MARKET_UPDATE | ativos=4
[2026-06-14 09:11:20] STOCK_MARKET_UPDATE | ativos=5
[2026-06-14 09:26:20] CRYPTO_MARKET_UPDATE | ativos=4
[2026-06-14 09:41:20] CRYPTO_MARKET_UPDATE | ativos=4
[2026-06-14 09:41:20] STOCK_MARKET_UPDATE | ativos=5
[2026-06-14 09:46:19] FUNDS_UPDATE | atualizados=7
[2026-06-14 09:56:19] CRYPTO_MARKET_UPDATE | ativos=4
[2026-06-14 09:59:34] SAQUE | user=1508264348743897149 | valor=3000000.00
[2026-06-14 10:11:20] CRYPTO_MARKET_UPDATE | ativos=4
[2026-06-14 10:11:20] STOCK_MARKET_UPDATE | ativos=5
[2026-06-14 10:16:19] FUNDS_UPDATE | atualizados=7
[2026-06-14 10:26:19] CRYPTO_MARKET_UPDATE | ativos=4
[2026-06-14 10:41:19] CRYPTO_MARKET_UPDATE | ativos=4
[2026-06-14 10:41:19] STOCK_MARKET_UPDATE | ativos=5
[2026-06-14 10:51:19] FUNDS_UPDATE | atualizados=7
[2026-06-14 10:56:20] CRYPTO_MARKET_UPDATE | ativos=4
[2026-06-14 11:11:19] STOCK_MARKET_UPDATE | ativos=5
[2026-06-14 11:11:20] CRYPTO_MARKET_UPDATE | ativos=4
[2026-06-14 11:26:19] CRYPTO_MARKET_UPDATE | ativos=4
[2026-06-14 11:26:20] FUNDS_UPDATE | atualizados=7
[2026-06-14 11:41:19] STOCK_MARKET_UPDATE | ativos=5
[2026-06-14 11:41:19] CRYPTO_MARKET_UPDATE | ativos=4
[2026-06-14 11:56:19] CRYPTO_MARKET_UPDATE | ativos=4
[2026-06-14 11:56:20] FUNDS_UPDATE | atualizados=7
[2026-06-14 12:11:19] STOCK_MARKET_UPDATE | ativos=5
[2026-06-14 12:11:19] CRYPTO_MARKET_UPDATE | ativos=4
[2026-06-14 12:26:19] CRYPTO_MARKET_UPDATE | ativos=4
[2026-06-14 12:31:19] FUNDS_UPDATE | atualizados=7
[2026-06-14 12:41:19] STOCK_MARKET_UPDATE | ativos=5
[2026-06-14 12:41:20] CRYPTO_MARKET_UPDATE | ativos=4
[2026-06-14 12:56:19] CRYPTO_MARKET_UPDATE | ativos=4
[2026-06-14 13:06:20] FUNDS_UPDATE | atualizados=7
[2026-06-14 13:11:19] STOCK_MARKET_UPDATE | ativos=5
[2026-06-14 13:11:19] CRYPTO_MARKET_UPDATE | ativos=4
[2026-06-14 13:26:19] CRYPTO_MARKET_UPDATE | ativos=4
[2026-06-14 13:36:20] FUNDS_UPDATE | atualizados=7
[2026-06-14 13:41:19] STOCK_MARKET_UPDATE | ativos=5
[2026-06-14 13:41:19] CRYPTO_MARKET_UPDATE | ativos=4
[2026-06-14 13:56:17] ADMIN_ADDMONEY | admin=1266766426098896948 | user=1266766426098896948 | valor=50000000.00
[2026-06-14 13:56:21] CRYPTO_MARKET_UPDATE | ativos=4
[2026-06-14 13:56:30] ADMIN_ADDMONEY | admin=1266766426098896948 | user=1266766426098896948 | valor=30000000.00
[2026-06-14 13:59:25] ADMIN_ADDMONEY | admin=1266766426098896948 | user=1266766426098896948 | valor=10000000.00
[2026-06-14 14:00:15] DEPOSITO | user=1266766426098896948 | valor=40000000.00
[2026-06-14 14:00:19] DEPOSITO | user=1266766426098896948 | valor=40000000.00
[2026-06-14 14:01:51] ADMIN_REMOVEMONEY | admin=1266766426098896948 | user=1266766426098896948 | valor=50000000.00
[2026-06-14 14:02:35] SAQUE | user=1266766426098896948 | valor=40000000.00
[2026-06-14 14:02:52] ADMIN_REMOVEMONEY | admin=1266766426098896948 | user=1266766426098896948 | valor=40000000.00
[2026-06-14 14:11:21] FUNDS_UPDATE | atualizados=7
[2026-06-14 14:11:22] CRYPTO_MARKET_UPDATE | ativos=4
[2026-06-14 14:11:22] STOCK_MARKET_UPDATE | ativos=5
[2026-06-14 14:26:19] CRYPTO_MARKET_UPDATE | ativos=4
[2026-06-14 14:41:24] STOCK_MARKET_UPDATE | ativos=5
[2026-06-14 14:41:25] CRYPTO_MARKET_UPDATE | ativos=4
[2026-06-14 14:41:31] FUNDS_UPDATE | atualizados=7
[2026-06-14 14:56:25] CRYPTO_MARKET_UPDATE | ativos=4
[2026-06-14 15:11:23] CRYPTO_MARKET_UPDATE | ativos=4
[2026-06-14 15:11:42] STOCK_MARKET_UPDATE | ativos=5
[2026-06-14 15:16:35] FUNDS_UPDATE | atualizados=7
[2026-06-14 15:26:19] CRYPTO_MARKET_UPDATE | ativos=4
[2026-06-14 15:41:24] STOCK_MARKET_UPDATE | ativos=5
[2026-06-14 15:41:26] CRYPTO_MARKET_UPDATE | ativos=4
[2026-06-14 15:51:27] FUNDS_UPDATE | atualizados=7
[2026-06-14 15:56:19] CRYPTO_MARKET_UPDATE | ativos=4
[2026-06-14 16:11:19] STOCK_MARKET_UPDATE | ativos=5
[2026-06-14 16:11:20] CRYPTO_MARKET_UPDATE | ativos=4
[2026-06-14 16:26:19] CRYPTO_MARKET_UPDATE | ativos=4
[2026-06-14 16:26:21] FUNDS_UPDATE | atualizados=7
[2026-06-14 16:41:20] STOCK_MARKET_UPDATE | ativos=5
[2026-06-14 16:41:21] CRYPTO_MARKET_UPDATE | ativos=4
[2026-06-14 16:56:19] CRYPTO_MARKET_UPDATE | ativos=4
[2026-06-14 16:56:23] FUNDS_UPDATE | atualizados=7
[2026-06-14 17:11:19] STOCK_MARKET_UPDATE | ativos=5
[2026-06-14 17:11:23] CRYPTO_MARKET_UPDATE | ativos=4
[2026-06-14 17:26:20] CRYPTO_MARKET_UPDATE | ativos=4
[2026-06-14 17:26:23] FUNDS_UPDATE | atualizados=7
[2026-06-14 23:12:27] FUNDS_UPDATE | atualizados=7
[2026-06-14 23:12:27] STOCK_MARKET_UPDATE | ativos=5
[2026-06-14 23:12:27] CRYPTO_MARKET_UPDATE | ativos=4
[2026-06-14 23:15:29] ADMIN_ADDMONEY | admin=1473469051303886914 | user=1509042422175371317 | valor=20000000.00
[2026-06-14 23:16:32] ADMIN_REMOVEMONEY | admin=1473469051303886914 | user=1509042422175371317 | valor=20000000.00
[2026-06-14 23:16:40] ADMIN_ADDMONEY | admin=1473469051303886914 | user=1509042422175371317 | valor=105000.00
[2026-06-14 23:27:27] CRYPTO_MARKET_UPDATE | ativos=4
[2026-06-14 23:42:27] CRYPTO_MARKET_UPDATE | ativos=4
[2026-06-14 23:42:27] STOCK_MARKET_UPDATE | ativos=5
[2026-06-14 23:47:27] FUNDS_UPDATE | atualizados=7
[2026-06-14 23:57:28] CRYPTO_MARKET_UPDATE | ativos=4
[2026-06-15 00:04:58] DEPOSITO | user=1509042422175371317 | valor=105000.00
[2026-06-15 00:08:32] ADMIN_REMOVEMONEY | admin=1266766426098896948 | user=1509042422175371317 | valor=10500.00
[2026-06-15 18:58:26] FUNDS_UPDATE | atualizados=7
[2026-06-15 18:58:26] STOCK_MARKET_UPDATE | ativos=5
[2026-06-15 18:58:26] CRYPTO_MARKET_UPDATE | ativos=4
[2026-06-15 19:13:26] CRYPTO_MARKET_UPDATE | ativos=4
[2026-06-15 19:28:26] FUNDS_UPDATE | atualizados=7
[2026-06-15 19:28:26] STOCK_MARKET_UPDATE | ativos=5
[2026-06-15 19:28:26] CRYPTO_MARKET_UPDATE | ativos=4
[2026-06-17 23:24:22] FUNDS_UPDATE | atualizados=7
[2026-06-17 23:24:22] STOCK_MARKET_UPDATE | ativos=5
[2026-06-17 23:24:22] CRYPTO_MARKET_UPDATE | ativos=4
[2026-06-17 23:24:59] ADMIN_ADDMONEY | admin=1473469051303886914 | user=1259581638371708979 | valor=19000000.00
[2026-06-17 23:39:22] CRYPTO_MARKET_UPDATE | ativos=5
[2026-06-21 13:58:59] FUNDS_UPDATE | atualizados=7
[2026-06-21 13:58:59] STOCK_MARKET_UPDATE | ativos=5
[2026-06-21 13:58:59] CRYPTO_MARKET_UPDATE | ativos=6
[2026-06-21 14:12:40] ADMIN_ADDMONEY | admin=1266766426098896948 | user=1266766426098896948 | valor=1146142264.14
[2026-06-21 14:13:34] ADMIN_REMOVEMONEY | admin=1266766426098896948 | user=1266766426098896948 | valor=1146142264.14
[2026-06-21 14:13:59] CRYPTO_MARKET_UPDATE | ativos=6
[2026-06-21 14:28:58] CRYPTO_MARKET_UPDATE | ativos=6
[2026-06-21 14:28:58] STOCK_MARKET_UPDATE | ativos=5
[2026-06-21 14:28:59] FUNDS_UPDATE | atualizados=7
[2026-06-21 14:43:52] DEPOSITO | user=1473469051303886914 | valor=7822529.96
[2026-06-21 14:43:58] CRYPTO_MARKET_UPDATE | ativos=6
[2026-06-21 14:58:59] STOCK_MARKET_UPDATE | ativos=5
[2026-06-21 14:58:59] CRYPTO_MARKET_UPDATE | ativos=6
[2026-06-21 15:03:59] FUNDS_UPDATE | atualizados=7
[2026-06-21 15:13:59] CRYPTO_MARKET_UPDATE | ativos=6
[2026-06-21 15:16:16] ADMIN_ADDMONEY | admin=1473469051303886914 | user=1515551405253857381 | valor=16415892687.80
[2026-06-21 15:28:58] STOCK_MARKET_UPDATE | ativos=5
[2026-06-21 15:28:59] CRYPTO_MARKET_UPDATE | ativos=6
[2026-06-21 15:33:58] FUNDS_UPDATE | atualizados=7
[2026-06-21 15:43:58] CRYPTO_MARKET_UPDATE | ativos=6
[2026-06-21 15:58:58] CRYPTO_MARKET_UPDATE | ativos=6
[2026-06-21 15:58:58] STOCK_MARKET_UPDATE | ativos=5
[2026-06-21 16:08:59] FUNDS_UPDATE | atualizados=7
[2026-06-21 16:13:59] CRYPTO_MARKET_UPDATE | ativos=6
[2026-06-21 16:28:58] STOCK_MARKET_UPDATE | ativos=5
[2026-06-21 16:28:59] CRYPTO_MARKET_UPDATE | ativos=6
[2026-06-21 16:38:58] FUNDS_UPDATE | atualizados=7
[2026-06-21 16:43:58] CRYPTO_MARKET_UPDATE | ativos=6
[2026-06-21 16:58:59] CRYPTO_MARKET_UPDATE | ativos=6
[2026-06-21 16:58:59] STOCK_MARKET_UPDATE | ativos=5
[2026-06-21 17:08:59] FUNDS_UPDATE | atualizados=7
[2026-06-21 17:13:58] CRYPTO_MARKET_UPDATE | ativos=6
[2026-06-21 17:28:58] CRYPTO_MARKET_UPDATE | ativos=6
[2026-06-21 17:28:59] STOCK_MARKET_UPDATE | ativos=5
[2026-06-21 17:38:59] FUNDS_UPDATE | atualizados=7
[2026-06-21 17:39:51] SAQUE | user=1266766426098896948 | valor=4505149.75
[2026-06-21 17:40:21] ADMIN_REMOVEMONEY | admin=1266766426098896948 | user=1266766426098896948 | valor=4505149.75
[2026-06-21 17:43:59] CRYPTO_MARKET_UPDATE | ativos=6
[2026-06-21 17:58:58] STOCK_MARKET_UPDATE | ativos=5
[2026-06-21 17:58:59] CRYPTO_MARKET_UPDATE | ativos=6
[2026-06-21 18:24:01] FUNDS_UPDATE | atualizados=7
[2026-06-21 18:24:01] CRYPTO_MARKET_UPDATE | ativos=6
[2026-06-21 18:28:59] CRYPTO_MARKET_UPDATE | ativos=6
[2026-06-21 18:28:59] STOCK_MARKET_UPDATE | ativos=5
[2026-06-21 18:43:10] ADMIN_REMOVEMONEY | admin=1266766426098896948 | user=1448401464098820228 | valor=1213050.12
[2026-06-21 18:43:49] SAQUE | user=1448401464098820228 | valor=135549.12
[2026-06-21 18:43:58] CRYPTO_MARKET_UPDATE | ativos=6
[2026-06-21 18:44:05] ADMIN_REMOVEMONEY | admin=1266766426098896948 | user=1448401464098820228 | valor=135549.12
[2026-06-21 18:49:24] ADMIN_ADDMONEY | admin=1266766426098896948 | user=1448401464098820228 | valor=1000000.00
[2026-06-21 18:58:59] STOCK_MARKET_UPDATE | ativos=5
[2026-06-21 18:58:59] FUNDS_UPDATE | atualizados=7
[2026-06-21 18:58:59] CRYPTO_MARKET_UPDATE | ativos=6
[2026-06-21 21:43:23] FUNDS_UPDATE | atualizados=7
[2026-06-21 21:43:25] CRYPTO_MARKET_UPDATE | ativos=6
[2026-06-21 21:43:26] STOCK_MARKET_UPDATE | ativos=5
[2026-06-21 21:43:27] CRYPTO_MARKET_UPDATE | ativos=6
[2026-06-21 21:43:27] STOCK_MARKET_UPDATE | ativos=5
[2026-06-21 21:43:28] CRYPTO_MARKET_UPDATE | ativos=6
[2026-06-21 21:43:28] STOCK_MARKET_UPDATE | ativos=5
[2026-06-21 21:43:29] CRYPTO_MARKET_UPDATE | ativos=6
[2026-06-21 21:43:29] STOCK_MARKET_UPDATE | ativos=5
[2026-06-21 21:43:30] CRYPTO_MARKET_UPDATE | ativos=6
[2026-06-21 21:43:30] STOCK_MARKET_UPDATE | ativos=5
[2026-06-21 21:43:31] CRYPTO_MARKET_UPDATE | ativos=6
[2026-06-21 21:43:31] CRYPTO_MARKET_UPDATE | ativos=6
[2026-06-21 21:43:32] CRYPTO_MARKET_UPDATE | ativos=6
[2026-06-21 21:43:33] CRYPTO_MARKET_UPDATE | ativos=6
[2026-06-21 21:43:34] CRYPTO_MARKET_UPDATE | ativos=6
[2026-06-21 21:44:00] CRYPTO_MARKET_UPDATE | ativos=6
[2026-06-21 21:58:48] ADMIN_ADDMONEY | admin=1266766426098896948 | user=1448401464098820228 | valor=2008000.00
[2026-06-21 21:58:58] STOCK_MARKET_UPDATE | ativos=5
[2026-06-21 21:58:59] CRYPTO_MARKET_UPDATE | ativos=6
[2026-06-21 22:13:58] CRYPTO_MARKET_UPDATE | ativos=6
[2026-06-21 22:13:59] FUNDS_UPDATE | atualizados=7
[2026-06-21 22:28:58] STOCK_MARKET_UPDATE | ativos=5
[2026-06-21 22:28:58] CRYPTO_MARKET_UPDATE | ativos=6
[2026-06-21 22:43:58] CRYPTO_MARKET_UPDATE | ativos=6
[2026-06-21 22:48:59] FUNDS_UPDATE | atualizados=7
[2026-06-21 22:58:59] STOCK_MARKET_UPDATE | ativos=5
[2026-06-21 22:58:59] CRYPTO_MARKET_UPDATE | ativos=6
[2026-06-21 23:00:36] ADMIN_ADDMONEY | admin=1266766426098896948 | user=1448401464098820228 | valor=9500000.00
[2026-06-21 23:13:58] CRYPTO_MARKET_UPDATE | ativos=6
[2026-06-21 23:18:59] FUNDS_UPDATE | atualizados=7
[2026-06-21 23:26:46] ADMIN_ADDMONEY | admin=1266766426098896948 | user=1266766426098896948 | valor=50000.00
[2026-06-21 23:27:24] DEPOSITO | user=1266766426098896948 | valor=50000.00
[2026-06-21 23:28:58] STOCK_MARKET_UPDATE | ativos=5
[2026-06-21 23:28:58] CRYPTO_MARKET_UPDATE | ativos=6
[2026-06-21 23:43:59] CRYPTO_MARKET_UPDATE | ativos=6
[2026-06-21 23:50:17] ADMIN_ADDMONEY | admin=1266766426098896948 | user=1266766426098896948 | valor=3611191.60
[2026-06-21 23:50:52] DEPOSITO | user=1266766426098896948 | valor=3611191.60
[2026-06-21 23:53:59] FUNDS_UPDATE | atualizados=7
[2026-06-21 23:57:40] ADMIN_REMOVEMONEY | admin=1266766426098896948 | user=1266766426098896948 | valor=3610584.51
[2026-06-23 21:23:15] FUNDS_UPDATE | atualizados=8
[2026-06-23 21:23:15] STOCK_MARKET_UPDATE | ativos=5
[2026-06-23 21:23:15] CRYPTO_MARKET_UPDATE | ativos=6
[2026-06-23 21:38:38] STOCK_MARKET_UPDATE | ativos=5
[2026-06-23 21:38:38] CRYPTO_MARKET_UPDATE | ativos=6
[2026-06-23 21:53:38] FUNDS_UPDATE | atualizados=8
[2026-06-23 21:53:38] CRYPTO_MARKET_UPDATE | ativos=6
[2026-06-23 22:04:28] STOCK_MARKET_UPDATE | ativos=5
[2026-06-23 22:04:28] CRYPTO_MARKET_UPDATE | ativos=6
[2026-06-23 22:19:28] CRYPTO_MARKET_UPDATE | ativos=6
[2026-06-23 22:23:23] STOCK_MARKET_UPDATE | ativos=5
[2026-06-23 22:23:23] CRYPTO_MARKET_UPDATE | ativos=6
[2026-06-23 22:28:23] FUNDS_UPDATE | atualizados=8
[2026-06-23 22:32:46] STOCK_MARKET_UPDATE | ativos=5
[2026-06-23 22:32:46] CRYPTO_MARKET_UPDATE | ativos=6
[2026-06-23 22:47:45] CRYPTO_MARKET_UPDATE | ativos=6
[2026-06-23 23:02:46] FUNDS_UPDATE | atualizados=8
[2026-06-23 23:02:46] STOCK_MARKET_UPDATE | ativos=5
[2026-06-23 23:02:46] CRYPTO_MARKET_UPDATE | ativos=6
[2026-06-23 23:17:45] CRYPTO_MARKET_UPDATE | ativos=6
[2026-06-24 06:27:21] FUNDS_UPDATE | atualizados=8
[2026-06-24 06:27:23] STOCK_MARKET_UPDATE | ativos=5
[2026-06-24 06:27:25] CRYPTO_MARKET_UPDATE | ativos=6
[2026-06-24 06:27:25] STOCK_MARKET_UPDATE | ativos=5
[2026-06-24 06:27:25] CRYPTO_MARKET_UPDATE | ativos=6
[2026-06-24 06:27:25] STOCK_MARKET_UPDATE | ativos=5
[2026-06-24 06:27:25] CRYPTO_MARKET_UPDATE | ativos=6
[2026-06-24 06:27:25] STOCK_MARKET_UPDATE | ativos=5
[2026-06-24 06:27:25] CRYPTO_MARKET_UPDATE | ativos=6
[2026-06-24 06:27:25] STOCK_MARKET_UPDATE | ativos=5
[2026-06-24 06:27:25] CRYPTO_MARKET_UPDATE | ativos=6
[2026-06-24 06:27:25] STOCK_MARKET_UPDATE | ativos=5
[2026-06-24 06:27:25] CRYPTO_MARKET_UPDATE | ativos=6
[2026-06-24 06:27:26] STOCK_MARKET_UPDATE | ativos=5
[2026-06-24 06:27:26] CRYPTO_MARKET_UPDATE | ativos=6
[2026-06-24 06:27:26] STOCK_MARKET_UPDATE | ativos=5
[2026-06-24 06:27:26] CRYPTO_MARKET_UPDATE | ativos=6
[2026-06-24 06:27:26] STOCK_MARKET_UPDATE | ativos=5
[2026-06-24 06:27:26] CRYPTO_MARKET_UPDATE | ativos=6
[2026-06-24 06:27:26] STOCK_MARKET_UPDATE | ativos=5
[2026-06-24 06:27:28] CRYPTO_MARKET_UPDATE | ativos=6
[2026-06-24 06:27:31] STOCK_MARKET_UPDATE | ativos=5
[2026-06-24 06:27:32] CRYPTO_MARKET_UPDATE | ativos=6
[2026-06-24 06:27:32] STOCK_MARKET_UPDATE | ativos=5
[2026-06-24 06:27:33] CRYPTO_MARKET_UPDATE | ativos=6
[2026-06-24 06:27:34] STOCK_MARKET_UPDATE | ativos=5
[2026-06-24 06:27:34] CRYPTO_MARKET_UPDATE | ativos=6
[2026-06-24 06:27:38] STOCK_MARKET_UPDATE | ativos=5
[2026-06-24 06:27:39] CRYPTO_MARKET_UPDATE | ativos=6
[2026-06-24 06:27:40] CRYPTO_MARKET_UPDATE | ativos=6
[2026-06-24 06:27:41] CRYPTO_MARKET_UPDATE | ativos=6
[2026-06-24 06:27:42] CRYPTO_MARKET_UPDATE | ativos=6
[2026-06-24 06:27:43] CRYPTO_MARKET_UPDATE | ativos=6
[2026-06-24 06:27:45] CRYPTO_MARKET_UPDATE | ativos=6
[2026-06-24 06:27:47] CRYPTO_MARKET_UPDATE | ativos=6
[2026-06-24 06:27:48] CRYPTO_MARKET_UPDATE | ativos=6
[2026-06-24 06:27:49] CRYPTO_MARKET_UPDATE | ativos=6
[2026-06-24 06:27:49] CRYPTO_MARKET_UPDATE | ativos=6
[2026-06-24 06:27:50] CRYPTO_MARKET_UPDATE | ativos=6
[2026-06-24 06:27:50] CRYPTO_MARKET_UPDATE | ativos=6
[2026-06-24 06:27:50] CRYPTO_MARKET_UPDATE | ativos=6
[2026-06-24 06:27:50] CRYPTO_MARKET_UPDATE | ativos=6
[2026-06-24 06:27:51] CRYPTO_MARKET_UPDATE | ativos=6
[2026-06-24 06:32:45] CRYPTO_MARKET_UPDATE | ativos=6
[2026-06-24 06:32:45] STOCK_MARKET_UPDATE | ativos=5
[2026-06-24 06:47:45] CRYPTO_MARKET_UPDATE | ativos=6
[2026-06-24 11:57:05] FUNDS_UPDATE | atualizados=8
[2026-06-24 11:57:06] STOCK_MARKET_UPDATE | ativos=5
[2026-06-24 11:57:06] CRYPTO_MARKET_UPDATE | ativos=6
[2026-06-24 11:57:07] STOCK_MARKET_UPDATE | ativos=5
[2026-06-24 11:57:08] CRYPTO_MARKET_UPDATE | ativos=6
[2026-06-24 11:57:08] STOCK_MARKET_UPDATE | ativos=5
[2026-06-24 11:57:09] CRYPTO_MARKET_UPDATE | ativos=6
[2026-06-24 11:57:10] STOCK_MARKET_UPDATE | ativos=5
[2026-06-24 11:57:10] CRYPTO_MARKET_UPDATE | ativos=6
[2026-06-24 11:57:10] STOCK_MARKET_UPDATE | ativos=5
[2026-06-24 11:57:10] CRYPTO_MARKET_UPDATE | ativos=6
[2026-06-24 11:57:11] STOCK_MARKET_UPDATE | ativos=5
[2026-06-24 11:57:11] CRYPTO_MARKET_UPDATE | ativos=6
[2026-06-24 11:57:11] STOCK_MARKET_UPDATE | ativos=5
[2026-06-24 11:57:11] CRYPTO_MARKET_UPDATE | ativos=6
[2026-06-24 11:57:11] STOCK_MARKET_UPDATE | ativos=5
[2026-06-24 11:57:12] CRYPTO_MARKET_UPDATE | ativos=6
[2026-06-24 11:57:12] STOCK_MARKET_UPDATE | ativos=5
[2026-06-24 11:57:12] CRYPTO_MARKET_UPDATE | ativos=6
[2026-06-24 11:57:12] STOCK_MARKET_UPDATE | ativos=5
[2026-06-24 11:57:12] CRYPTO_MARKET_UPDATE | ativos=6
[2026-06-24 11:57:13] CRYPTO_MARKET_UPDATE | ativos=6
[2026-06-24 11:57:13] CRYPTO_MARKET_UPDATE | ativos=6
[2026-06-24 11:57:13] CRYPTO_MARKET_UPDATE | ativos=6
[2026-06-24 11:57:14] CRYPTO_MARKET_UPDATE | ativos=6
[2026-06-24 11:57:14] CRYPTO_MARKET_UPDATE | ativos=6
[2026-06-24 11:57:15] CRYPTO_MARKET_UPDATE | ativos=6
[2026-06-24 11:57:15] CRYPTO_MARKET_UPDATE | ativos=6
[2026-06-24 11:57:15] CRYPTO_MARKET_UPDATE | ativos=6
[2026-06-24 11:57:15] CRYPTO_MARKET_UPDATE | ativos=6
[2026-06-24 11:57:15] CRYPTO_MARKET_UPDATE | ativos=6
[2026-06-24 12:02:45] STOCK_MARKET_UPDATE | ativos=5
[2026-06-24 12:02:45] CRYPTO_MARKET_UPDATE | ativos=6
[2026-06-24 12:44:00] FUNDS_UPDATE | atualizados=8
[2026-06-24 12:44:01] CRYPTO_MARKET_UPDATE | ativos=6
[2026-06-24 12:44:03] STOCK_MARKET_UPDATE | ativos=5
[2026-06-24 12:44:03] CRYPTO_MARKET_UPDATE | ativos=6
[2026-06-24 12:47:45] CRYPTO_MARKET_UPDATE | ativos=6
[2026-06-28 13:02:15] FUNDS_UPDATE | atualizados=8
[2026-06-28 13:02:15] STOCK_MARKET_UPDATE | ativos=5
[2026-06-28 13:02:15] CRYPTO_MARKET_UPDATE | ativos=6
[2026-06-28 13:03:05] ADMIN_REMOVEMONEY | admin=1473469051303886914 | target_type=user | target_id=1473469051303886914 | valor=1.00 | origem=balance | membros=1
[2026-06-28 13:17:15] CRYPTO_MARKET_UPDATE | ativos=6
[2026-06-28 13:32:15] STOCK_MARKET_UPDATE | ativos=5
[2026-06-28 13:32:15] CRYPTO_MARKET_UPDATE | ativos=6
[2026-06-28 13:32:15] FUNDS_UPDATE | atualizados=8
[2026-06-28 14:09:48] FUNDS_UPDATE | atualizados=8
[2026-06-28 14:09:50] CRYPTO_MARKET_UPDATE | ativos=6
[2026-06-28 14:09:51] STOCK_MARKET_UPDATE | ativos=5
[2026-06-28 14:09:53] CRYPTO_MARKET_UPDATE | ativos=6
[2026-06-29 16:36:07] FUNDS_UPDATE | atualizados=8
[2026-06-29 16:36:07] STOCK_MARKET_UPDATE | ativos=5
[2026-06-29 16:36:07] CRYPTO_MARKET_UPDATE | ativos=6
[2026-06-29 16:38:55] ADMIN_REMOVEMONEY | admin=1473469051303886914 | target_type=user | target_id=1473469051303886914 | valor=1.00 | origem=balance | membros=1
[2026-06-29 16:41:05] ADMIN_REMOVEMONEY | admin=1473469051303886914 | target_type=user | target_id=1473469051303886914 | valor=1.00 | origem=balance | membros=1
[2026-07-10 18:28:48] FUNDS_UPDATE | atualizados=8
[2026-07-10 18:28:49] STOCK_MARKET_UPDATE | ativos=5
[2026-07-10 18:28:49] CRYPTO_MARKET_UPDATE | ativos=6
